Running SLURM prolog script on swarma1004
===============================================================================
Job started on Sun Jan 25 11:44:53 GMT 2026
Job ID          : 549384
Job name        : TAS_Improvement_v2
WorkDir         : /iridisfs/scratch/jc15u24/Code/IST02/TAS_experiments
Command         : /iridisfs/scratch/jc15u24/Code/IST02/TAS_experiments/TAS_Improvement_v2.slurm
Partition       : swarm_a100
Num hosts       : 1
Num cores       : 4
Num of tasks    : 1
Hosts allocated : swarma1004
Job Output Follows ...
===============================================================================
================================================================================
TAS实验改进工作 - 版本2 (修复版)
================================================================================
开始时间: 2026-01-25 11:44:54
任务ID: 549384
CPU核心: 4
内存: 32768 MB
项目: /iridisfs/scratch/jc15u24/Code/IST02/TAS_experiments
================================================================================

[PHASE 1] 环境验证和数据检查
────────────────────────────────────────────────────────────────────────────
[✓] TUD数据集验证通过
[✓] JIST01数据集验证通过
[✓] 所有Python依赖验证通过

[PHASE 2] 执行改进任务
────────────────────────────────────────────────────────────────────────────
Configuration loaded from config.py
Data root: /iridisfs/scratch/jc15u24/Code/IST02/TUD_Task_EyeTracking
Results dir: /iridisfs/scratch/jc15u24/Code/IST02/TAS_experiments/results

=
=
=
=
=
=
=
=
=
=
=
=
=
=
=
=
=
=
=
=
=
=
=
=
=
=
=
=
=
=
=
=
=
=
=
=
=
=
=
=
=
=
=
=
=
=
=
=
=
=
=
=
=
=
=
=
=
=
=
=
=
=
=
=
=
=
=
=
=
=
1. 方法对比汇总表
======================================================================
  Method Mean CC    ±SD             95% CI   N     Min    Max
FreeLook  0.8487 0.0645   [0.8386, 0.8588] 160  0.5349 0.9561
  TAS-NR  0.2049 0.1217   [0.1859, 0.2240] 160 -0.0360 0.4802
  TAS-FR  0.8487 0.0645   [0.8386, 0.8588] 160  0.5349 0.9561
Artifact -0.0668 0.0236 [-0.0705, -0.0631] 160 -0.1235 0.0000
 Mixture  0.8487 0.0645   [0.8386, 0.8588] 160  0.5349 0.9561

======================================================================
2. 成对比较统计表 (配对t检验)
======================================================================
              comparison  t_statistic       p_value  bonferroni_significant  cohens_d effect_size_interpretation
cc_freelook vs cc_tas_nr    70.925689 2.925053e-122                    True  6.610532                      large

======================================================================
3. 内容复杂度亚组分析
======================================================================

Low (CC < 0.65):
  样本数: 40 个内容
  CC: 0.2049 ± 0.1221
  范围: [-0.0360, 0.4802]
  总样本: 160

✓ 统计报告已完成
  文件位置: results/

=*80
✓ 任务完成成功!
=*80

生成的核心文件:
-rw-r--r-- 1 jc15u24 fp 503 Jan 25 11:45 results/jist01_transformation_comparison.csv
-rw-r--r-- 1 jc15u24 fp 306 Jan 23 11:16 results/table_a1_method_comparison.csv
-rw-r--r-- 1 jc15u24 fp 210 Jan 23 11:16 results/table_b2_comparison_with_statistics.csv
-rw-r--r-- 1 jc15u24 fp 267 Jan 23 11:16 results/table_b2_pairwise_comparisons.csv
-rw-r--r-- 1 jc15u24 fp 939 Jan 23 11:16 results/table_c1_worst_contents.csv
-rw-r--r-- 1 jc15u24 fp 932 Jan 23 11:16 results/table_c2_best_contents.csv
-rw-r--r-- 1 jc15u24 fp 337 Jan 25 11:45 results/table_method_comparison.csv
-rw-r--r-- 1 jc15u24 fp 417 Jan 25 11:45 results/table_statistical_tests.csv

结果已保存到: results/ 目录
==============================================================================
Running epilogue script on swarma1004.

Submit time  : 2026-01-25T11:43:57
Start time   : 2026-01-25T11:44:53
End time     : 2026-01-25T11:45:15
Elapsed time : 00:00:22 (Timelimit=02:00:00)

Job ID: 549384
Cluster: iridis_x
User/Group: jc15u24/fp
State: COMPLETED (exit code 0)
Nodes: 1
Cores per node: 4
CPU Utilized: 00:00:20
CPU Efficiency: 22.73% of 00:01:28 core-walltime
Job Wall-clock time: 00:00:22
Memory Utilized: 11.38 MB
Memory Efficiency: 0.03% of 32.00 GB (32.00 GB/node)
