2026-01-25 11:44:55,595 - __main__ - INFO - ================================================================================
2026-01-25 11:44:55,596 - __main__ - INFO - 开始执行改进任务
2026-01-25 11:44:55,596 - __main__ - INFO - ================================================================================
2026-01-25 11:44:55,596 - __main__ - INFO - 
2026-01-25 11:44:55,596 - __main__ - INFO - [Task 1] 加载JIST01数据集
2026-01-25 11:44:55,596 - __main__ - INFO - --------------------------------------------------------------------------------
2026-01-25 11:44:57,636 - src.jist01_loader - INFO - 初始化JIST01加载器: /iridisfs/scratch/jc15u24/Code/JIST01/data
2026-01-25 11:44:57,636 - src.jist01_loader - INFO - 分辨率: (1920, 1080)
2026-01-25 11:44:57,636 - src.jist01_loader - INFO - 找到19种变换类型
2026-01-25 11:44:57,636 - src.jist01_loader - INFO - 处理: Compression_1
2026-01-25 11:44:58,220 - src.jist01_loader - INFO - 成功加载 Compression_1: 字段=['fixation_vec']
2026-01-25 11:44:58,629 - src.jist01_loader - INFO -   ✓ Compression_1: 100 张显著性图, shape=(100, 1080, 1920)
2026-01-25 11:44:58,630 - src.jist01_loader - INFO - 处理: MotionBlur_1
2026-01-25 11:44:59,156 - src.jist01_loader - INFO - 成功加载 MotionBlur_1: 字段=['fixation_vec']
2026-01-25 11:44:59,537 - src.jist01_loader - INFO -   ✓ MotionBlur_1: 100 张显著性图, shape=(100, 1080, 1920)
2026-01-25 11:44:59,537 - src.jist01_loader - INFO - 处理: Reference
2026-01-25 11:45:00,071 - src.jist01_loader - INFO - 成功加载 Reference: 字段=['fixation_vec']
2026-01-25 11:45:00,447 - src.jist01_loader - INFO -   ✓ Reference: 100 张显著性图, shape=(100, 1080, 1920)
2026-01-25 11:45:00,447 - src.jist01_loader - INFO - 成功加载 3/3 种变换
2026-01-25 11:45:00,463 - __main__ - INFO - ✓ 成功加载 3 种变换
2026-01-25 11:45:00,464 - __main__ - INFO - ✓ 总共 300 张显著性图
2026-01-25 11:45:00,464 - __main__ - INFO - 
2026-01-25 11:45:00,464 - __main__ - INFO - [Task 2] 执行完整统计分析
2026-01-25 11:45:00,464 - __main__ - INFO - --------------------------------------------------------------------------------
2026-01-25 11:45:00,482 - src.statistical_analyzer - INFO - 加载结果: results/results_nr_v4_20260125_032248.csv
2026-01-25 11:45:00,504 - __main__ - WARNING - ⚠ 统计分析返回空结果
2026-01-25 11:45:00,504 - __main__ - INFO - 
2026-01-25 11:45:00,504 - __main__ - INFO - [Task 3] 生成跨数据集对比
2026-01-25 11:45:00,504 - __main__ - INFO - --------------------------------------------------------------------------------
2026-01-25 11:45:00,901 - src.cross_dataset_analyzer - INFO - 初始化跨数据集分析器: results
2026-01-25 11:45:15,807 - __main__ - INFO - ✓ 跨数据集对比完成
2026-01-25 11:45:15,807 - __main__ - INFO -   - 对比了 3 种变换
2026-01-25 11:45:15,807 - __main__ - INFO - 
2026-01-25 11:45:15,807 - __main__ - INFO - ================================================================================
2026-01-25 11:45:15,807 - __main__ - INFO - ✓ 改进工作完成!
2026-01-25 11:45:15,807 - __main__ - INFO - ================================================================================
2026-01-25 11:45:15,807 - __main__ - INFO - 
2026-01-25 11:45:15,807 - __main__ - INFO - 生成的文件:
2026-01-25 11:45:15,807 - __main__ - INFO -   - results/table_method_comparison.csv
2026-01-25 11:45:15,807 - __main__ - INFO -   - results/table_statistical_tests.csv
2026-01-25 11:45:15,807 - __main__ - INFO -   - results/jist01_transformation_comparison.csv
2026-01-25 11:45:15,807 - __main__ - INFO - 
2026-01-25 11:45:15,807 - __main__ - INFO - 下一步:
2026-01-25 11:45:15,807 - __main__ - INFO -   1. 查看results/目录中的表格文件
2026-01-25 11:45:15,807 - __main__ - INFO -   2. 将表格复制到论文中
2026-01-25 11:45:15,807 - __main__ - INFO -   3. 完成Methods和Results部分
2026-01-25 11:45:15,807 - __main__ - INFO - 
