[INFO] Note: detected 96 virtual cores but NumExpr set to maximum of 64, check "NUMEXPR_MAX_THREADS" environment variable.
[INFO] Note: NumExpr detected 96 cores but "NUMEXPR_MAX_THREADS" not set, so enforcing safe limit of 16.
[INFO] NumExpr defaulting to 16 threads.
[INFO] 加载结果: 160 行数据
[INFO] 
======================================================================
[INFO] 生成轨迹可视化示例
[INFO] ======================================================================
[INFO] 选定内容:
[INFO]   最好: girl_boat (CC=0.388)
[INFO]   中等: man_desert (CC=0.223)
[INFO]   最差: swan_ice (CC=0.000)
[INFO] 
生成对比图...
[INFO]   ✓ 保存: /iridisfs/scratch/jc15u24/Code/IST02/TAS_experiments/results/fig_best_case_girl_boat.pdf
[INFO]   ✓ 保存: /iridisfs/scratch/jc15u24/Code/IST02/TAS_experiments/results/fig_median_case_man_desert.pdf
[INFO]   ✓ 保存: /iridisfs/scratch/jc15u24/Code/IST02/TAS_experiments/results/fig_worst_case_swan_ice.pdf
[INFO] 
生成对比表...
[INFO] ✓ 对比表已保存: /iridisfs/scratch/jc15u24/Code/IST02/TAS_experiments/results/table_representative_contents.csv
[INFO] 
✓ 轨迹可视化完成!
[INFO] Note: detected 96 virtual cores but NumExpr set to maximum of 64, check "NUMEXPR_MAX_THREADS" environment variable.
[INFO] Note: NumExpr detected 96 cores but "NUMEXPR_MAX_THREADS" not set, so enforcing safe limit of 16.
[INFO] NumExpr defaulting to 16 threads.
[INFO] 加载数据: 160 行
[INFO] 
======================================================================
[INFO] 执行亚组分析
[INFO] ======================================================================
[INFO] 
内容CC分布:
[INFO]   最小: 0.0000
[INFO]   25%位: 0.1342
[INFO]   中位: 0.2144
[INFO]   75%位: 0.2877
[INFO]   最大: 0.3876
[INFO] 
分类结果:
[INFO]   Low (≤0.1608): 13 个内容
[INFO]   Medium (0.1608-0.2462): 14 个内容
[INFO]   High (>0.2462): 13 个内容
[INFO] 
✓ 亚组统计表: /iridisfs/scratch/jc15u24/Code/IST02/TAS_experiments/results/table_subgroup_statistics.csv
[INFO] 
亚组统计:
[INFO]     Group  N Contents  N Samples   CC Mean    CC Std        SE  CI Lower  CI Upper       Min       Max    Median  Skewness  Kurtosis
0     Low          13         52  0.087310  0.082660  0.011463  0.064297  0.110323 -0.035969  0.270371  0.091098  0.550009 -0.529720
1  Medium          14         56  0.207825  0.066069  0.008829  0.190132  0.225519  0.040387  0.373998  0.216062  0.002611  0.007795
2    High          13         52  0.319387  0.084134  0.011667  0.295964  0.342810  0.140437  0.480208  0.321664 -0.075089 -0.646842
[INFO] 
执行Kruskal-Wallis H检验:
[INFO]   H-statistic: 95.7278
[INFO]   p-value: 1.6329e-21
[INFO]   显著: ✓
[INFO]   Epsilon-squared: 0.5970
[INFO]   效应量解释: 大效应
[INFO] 
配对比较 (Mann-Whitney U):
[INFO]   Low vs Medium: U=397.00, p=7.5312e-11
[INFO]   Low vs High: U=77.00, p=1.1554e-16
[INFO]   Medium vs High: U=443.00, p=4.7991e-10
[INFO] ✓ 完整报告: /iridisfs/scratch/jc15u24/Code/IST02/TAS_experiments/results/subgroup_analysis_comprehensive.json
[INFO] Note: detected 96 virtual cores but NumExpr set to maximum of 64, check "NUMEXPR_MAX_THREADS" environment variable.
[INFO] Note: NumExpr detected 96 cores but "NUMEXPR_MAX_THREADS" not set, so enforcing safe limit of 16.
[INFO] NumExpr defaulting to 16 threads.
[INFO] 加载数据: 160 行, 40 个内容
[INFO] 
======================================================================
[INFO] 执行失败案例深度分析
[INFO] ======================================================================
[INFO] 
最差表现的 5 个内容:
[INFO]   swan_ice: CC=0.0000 (±0.0000), 范围=[0.0000, 0.0000]
[INFO]   snow_fox: CC=0.0000 (±0.0000), 范围=[0.0000, 0.0000]
[INFO]   cycler_hill: CC=0.0213 (±0.0273), 范围=[-0.0176, 0.0458]
[INFO]   walking_bear: CC=0.0241 (±0.0671), 范围=[-0.0360, 0.1150]
[INFO]   man_weaving: CC=0.0539 (±0.0401), 范围=[0.0206, 0.1101]
[INFO] 
压缩级别影响分析 (最差内容):
[INFO] 
swan_ice:
[INFO]     Level 10: CC=0.0000 (±nan)
[INFO]     Level 13: CC=0.0000 (±nan)
[INFO]     Level 20: CC=0.0000 (±nan)
[INFO]     Level 44: CC=0.0000 (±nan)
[INFO] 
snow_fox:
[INFO]     Level 12: CC=0.0000 (±nan)
[INFO]     Level 13: CC=0.0000 (±nan)
[INFO]     Level 19: CC=0.0000 (±nan)
[INFO]     Level 22: CC=0.0000 (±nan)
[INFO] 
cycler_hill:
[INFO]     Level 11: CC=0.0253 (±nan)
[INFO]     Level 24: CC=-0.0176 (±nan)
[INFO]     Level 60: CC=0.0458 (±nan)
[INFO]     Level 71: CC=0.0317 (±nan)
[INFO] 
walking_bear:
[INFO]     Level 12: CC=0.1150 (±nan)
[INFO]     Level 22: CC=0.0328 (±nan)
[INFO]     Level 23: CC=-0.0360 (±nan)
[INFO]     Level 39: CC=-0.0153 (±nan)
[INFO] 
man_weaving:
[INFO]     Level 10: CC=0.1101 (±nan)
[INFO]     Level 26: CC=0.0206 (±nan)
[INFO]     Level 80: CC=0.0302 (±nan)
[INFO]     Level 87: CC=0.0549 (±nan)
[INFO] 
最好与最差内容的对比:
[INFO]   最好内容 (Top 3):
[INFO]     girl_boat: CC=0.3876
[INFO]     goalkeeper_boy: CC=0.3772
[INFO]     tourist_shore: CC=0.3604
[INFO]   最差内容 (Bottom 5):
[INFO]     swan_ice: CC=0.0000
[INFO]     snow_fox: CC=0.0000
[INFO]     cycler_hill: CC=0.0213
[INFO]     walking_bear: CC=0.0241
[INFO]     man_weaving: CC=0.0539
[INFO] 
  差异分析:
[INFO]     最好平均: 0.3751
[INFO]     最差平均: 0.0199
[INFO]     差距: 0.3552 (94.7% 相对下降)
[INFO] 
失败模式分析:
[INFO] 
改进建议:
[INFO]   1. 压缩鲁棒性: 1 个内容对压缩级别敏感，建议在模型中加入压缩级别的显式表示或数据增强
[INFO]   2. 极端压缩处理: 压缩级别 10 出现 1 个失败，建议针对极端压缩场景的专门处理
[INFO]   3. 算法局限: 平均CC=0.020提示某些场景超出当前算法能力范围，可考虑场景分类或多任务学习方法
Traceback (most recent call last):
  File "<stdin>", line 23, in <module>
  File "/iridisfs/scratch/jc15u24/Code/IST02/TAS_experiments/src/task9_failure_case_analysis.py", line 187, in generate_failure_report
    json.dump(report, f, indent=2, ensure_ascii=False)
  File "/iridisfs/ixsoftware/conda/miniconda-py3/lib/python3.12/json/__init__.py", line 179, in dump
    for chunk in iterable:
  File "/iridisfs/ixsoftware/conda/miniconda-py3/lib/python3.12/json/encoder.py", line 432, in _iterencode
    yield from _iterencode_dict(o, _current_indent_level)
  File "/iridisfs/ixsoftware/conda/miniconda-py3/lib/python3.12/json/encoder.py", line 406, in _iterencode_dict
    yield from chunks
  File "/iridisfs/ixsoftware/conda/miniconda-py3/lib/python3.12/json/encoder.py", line 406, in _iterencode_dict
    yield from chunks
  File "/iridisfs/ixsoftware/conda/miniconda-py3/lib/python3.12/json/encoder.py", line 377, in _iterencode_dict
    raise TypeError(f'keys must be str, int, float, bool or None, '
TypeError: keys must be str, int, float, bool or None, not int64
