2026-01-25 03:21:46,760 - __main__ - INFO - ================================================================================
2026-01-25 03:21:46,761 - __main__ - INFO - TAS EXPERIMENTS V4 - FIXED VERSION
2026-01-25 03:21:46,761 - __main__ - INFO - ================================================================================
2026-01-25 03:21:46,761 - __main__ - INFO - Start Time: 2026-01-25 03:21:46.761158
2026-01-25 03:21:46,761 - __main__ - INFO - Project Root: /iridisfs/scratch/jc15u24/Code/IST02/TAS_experiments
2026-01-25 03:21:46,761 - __main__ - INFO - Data Root: /iridisfs/scratch/jc15u24/Code/IST02/TUD_Task_EyeTracking
2026-01-25 03:21:46,761 - __main__ - INFO - Results Dir: /iridisfs/scratch/jc15u24/Code/IST02/TAS_experiments/results
2026-01-25 03:21:46,761 - __main__ - INFO - 
2026-01-25 03:21:46,761 - improved_analysis_v4 - INFO - ================================================================================
2026-01-25 03:21:46,761 - improved_analysis_v4 - INFO - TAS EXPERIMENTS V4 - IMPROVED VERSION
2026-01-25 03:21:46,761 - improved_analysis_v4 - INFO - ================================================================================
2026-01-25 03:21:46,761 - improved_analysis_v4 - INFO - Start Time: 2026-01-25 03:21:46.761510
2026-01-25 03:21:46,764 - improved_analysis_v4 - INFO - Number of contents: 40
2026-01-25 03:21:46,764 - improved_analysis_v4 - INFO - Dataset: TUD Task Eye-Tracking
2026-01-25 03:21:46,764 - improved_analysis_v4 - INFO - 
[LOCO Fold 1/40] Testing on content: arab_mountain
2026-01-25 03:21:46,977 - improved_analysis_v4 - INFO -   Artifact detection quality (CC): -0.0829
/home/jc15u24/.local/lib/python3.12/site-packages/scipy/spatial/distance.py:1388: RuntimeWarning: invalid value encountered in sqrt
  return np.sqrt(js / 2.0)
2026-01-25 03:21:47,555 - improved_analysis_v4 - INFO -     FR-TAS CC: -0.0715, JSD: 0.6581
2026-01-25 03:21:47,556 - improved_analysis_v4 - INFO -     NR-TAS CC: 0.2525, JSD: 0.4271
2026-01-25 03:21:47,707 - improved_analysis_v4 - INFO -   Artifact detection quality (CC): -0.0784
2026-01-25 03:21:47,961 - improved_analysis_v4 - INFO -     FR-TAS CC: -0.0570, JSD: 0.6953
2026-01-25 03:21:47,961 - improved_analysis_v4 - INFO -     NR-TAS CC: 0.1391, JSD: 0.4647
2026-01-25 03:21:48,103 - improved_analysis_v4 - INFO -   Artifact detection quality (CC): -0.0874
2026-01-25 03:21:48,347 - improved_analysis_v4 - INFO -     FR-TAS CC: -0.0909, JSD: 0.6620
2026-01-25 03:21:48,348 - improved_analysis_v4 - INFO -     NR-TAS CC: 0.1120, JSD: 0.4263
2026-01-25 03:21:48,488 - improved_analysis_v4 - INFO -   Artifact detection quality (CC): -0.0813
2026-01-25 03:21:48,733 - improved_analysis_v4 - INFO -     FR-TAS CC: -0.0784, JSD: 0.6779
2026-01-25 03:21:48,733 - improved_analysis_v4 - INFO -     NR-TAS CC: 0.1136, JSD: 0.4514
2026-01-25 03:21:48,733 - improved_analysis_v4 - INFO - 
[LOCO Fold 2/40] Testing on content: bear_fish
2026-01-25 03:21:48,882 - improved_analysis_v4 - INFO -   Artifact detection quality (CC): -0.0776
2026-01-25 03:21:49,134 - improved_analysis_v4 - INFO -     FR-TAS CC: -0.0614, JSD: 0.6142
2026-01-25 03:21:49,135 - improved_analysis_v4 - INFO -     NR-TAS CC: 0.3254, JSD: 0.3675
2026-01-25 03:21:49,270 - improved_analysis_v4 - INFO -   Artifact detection quality (CC): -0.0686
2026-01-25 03:21:49,524 - improved_analysis_v4 - INFO -     FR-TAS CC: -0.0492, JSD: 0.6109
2026-01-25 03:21:49,524 - improved_analysis_v4 - INFO -     NR-TAS CC: 0.3517, JSD: 0.3582
2026-01-25 03:21:49,684 - improved_analysis_v4 - INFO -   Artifact detection quality (CC): -0.0407
2026-01-25 03:21:49,944 - improved_analysis_v4 - INFO -     FR-TAS CC: -0.0076, JSD: 0.6014
2026-01-25 03:21:49,945 - improved_analysis_v4 - INFO -     NR-TAS CC: 0.4385, JSD: 0.3410
2026-01-25 03:21:50,086 - improved_analysis_v4 - INFO -   Artifact detection quality (CC): -0.0727
2026-01-25 03:21:50,338 - improved_analysis_v4 - INFO -     FR-TAS CC: -0.0633, JSD: 0.6194
2026-01-25 03:21:50,338 - improved_analysis_v4 - INFO -     NR-TAS CC: 0.2827, JSD: 0.3751
2026-01-25 03:21:50,339 - improved_analysis_v4 - INFO - 
[LOCO Fold 3/40] Testing on content: bird_bushes
2026-01-25 03:21:50,492 - improved_analysis_v4 - INFO -   Artifact detection quality (CC): -0.0724
2026-01-25 03:21:50,743 - improved_analysis_v4 - INFO -     FR-TAS CC: -0.0521, JSD: 0.6044
2026-01-25 03:21:50,743 - improved_analysis_v4 - INFO -     NR-TAS CC: 0.3327, JSD: 0.3787
2026-01-25 03:21:50,888 - improved_analysis_v4 - INFO -   Artifact detection quality (CC): -0.0521
2026-01-25 03:21:51,136 - improved_analysis_v4 - INFO -     FR-TAS CC: -0.0291, JSD: 0.6002
2026-01-25 03:21:51,136 - improved_analysis_v4 - INFO -     NR-TAS CC: 0.3329, JSD: 0.3830
2026-01-25 03:21:51,281 - improved_analysis_v4 - INFO -   Artifact detection quality (CC): -0.0735
2026-01-25 03:21:51,533 - improved_analysis_v4 - INFO -     FR-TAS CC: -0.0563, JSD: 0.6199
2026-01-25 03:21:51,533 - improved_analysis_v4 - INFO -     NR-TAS CC: 0.3172, JSD: 0.3892
2026-01-25 03:21:51,675 - improved_analysis_v4 - INFO -   Artifact detection quality (CC): -0.0862
2026-01-25 03:21:51,929 - improved_analysis_v4 - INFO -     FR-TAS CC: -0.0861, JSD: 0.6215
2026-01-25 03:21:51,929 - improved_analysis_v4 - INFO -     NR-TAS CC: 0.2434, JSD: 0.4031
2026-01-25 03:21:51,929 - improved_analysis_v4 - INFO - 
[LOCO Fold 4/40] Testing on content: cat_fence
2026-01-25 03:21:52,077 - improved_analysis_v4 - INFO -   Artifact detection quality (CC): -0.0523
2026-01-25 03:21:52,311 - improved_analysis_v4 - INFO -     FR-TAS CC: -0.0246, JSD: 0.6340
2026-01-25 03:21:52,311 - improved_analysis_v4 - INFO -     NR-TAS CC: 0.3757, JSD: 0.4328
2026-01-25 03:21:52,448 - improved_analysis_v4 - INFO -   Artifact detection quality (CC): -0.0571
2026-01-25 03:21:52,694 - improved_analysis_v4 - INFO -     FR-TAS CC: -0.0374, JSD: 0.6292
2026-01-25 03:21:52,694 - improved_analysis_v4 - INFO -     NR-TAS CC: 0.3108, JSD: 0.4068
2026-01-25 03:21:52,840 - improved_analysis_v4 - INFO -   Artifact detection quality (CC): -0.0926
2026-01-25 03:21:53,093 - improved_analysis_v4 - INFO -     FR-TAS CC: -0.0972, JSD: 0.6463
2026-01-25 03:21:53,093 - improved_analysis_v4 - INFO -     NR-TAS CC: 0.2536, JSD: 0.4079
2026-01-25 03:21:53,227 - improved_analysis_v4 - INFO -   Artifact detection quality (CC): -0.0863
2026-01-25 03:21:53,478 - improved_analysis_v4 - INFO -     FR-TAS CC: -0.0829, JSD: 0.6374
2026-01-25 03:21:53,478 - improved_analysis_v4 - INFO -     NR-TAS CC: 0.2800, JSD: 0.3884
2026-01-25 03:21:53,478 - improved_analysis_v4 - INFO - 
[LOCO Fold 5/40] Testing on content: climber_mountains
2026-01-25 03:21:53,626 - improved_analysis_v4 - INFO -   Artifact detection quality (CC): -0.0499
2026-01-25 03:21:53,874 - improved_analysis_v4 - INFO -     FR-TAS CC: -0.0404, JSD: 0.5359
2026-01-25 03:21:53,874 - improved_analysis_v4 - INFO -     NR-TAS CC: 0.2752, JSD: 0.3536
2026-01-25 03:21:54,016 - improved_analysis_v4 - INFO -   Artifact detection quality (CC): -0.0511
2026-01-25 03:21:54,269 - improved_analysis_v4 - INFO -     FR-TAS CC: -0.0432, JSD: 0.5468
2026-01-25 03:21:54,269 - improved_analysis_v4 - INFO -     NR-TAS CC: 0.2735, JSD: 0.3696
2026-01-25 03:21:54,404 - improved_analysis_v4 - INFO -   Artifact detection quality (CC): -0.0790
2026-01-25 03:21:54,655 - improved_analysis_v4 - INFO -     FR-TAS CC: -0.0981, JSD: 0.6017
2026-01-25 03:21:54,655 - improved_analysis_v4 - INFO -     NR-TAS CC: 0.1628, JSD: 0.3893
2026-01-25 03:21:54,793 - improved_analysis_v4 - INFO -   Artifact detection quality (CC): -0.0812
2026-01-25 03:21:55,036 - improved_analysis_v4 - INFO -     FR-TAS CC: -0.0887, JSD: 0.5995
2026-01-25 03:21:55,036 - improved_analysis_v4 - INFO -     NR-TAS CC: 0.2301, JSD: 0.3641
2026-01-25 03:21:55,036 - improved_analysis_v4 - INFO - 
[LOCO Fold 6/40] Testing on content: climber_sunglasses
2026-01-25 03:21:55,189 - improved_analysis_v4 - INFO -   Artifact detection quality (CC): -0.0756
2026-01-25 03:21:55,444 - improved_analysis_v4 - INFO -     FR-TAS CC: -0.0882, JSD: 0.6543
2026-01-25 03:21:55,445 - improved_analysis_v4 - INFO -     NR-TAS CC: 0.1030, JSD: 0.4364
2026-01-25 03:21:55,583 - improved_analysis_v4 - INFO -   Artifact detection quality (CC): -0.0741
2026-01-25 03:21:55,827 - improved_analysis_v4 - INFO -     FR-TAS CC: -0.0909, JSD: 0.6528
2026-01-25 03:21:55,827 - improved_analysis_v4 - INFO -     NR-TAS CC: 0.1112, JSD: 0.4151
2026-01-25 03:21:55,968 - improved_analysis_v4 - INFO -   Artifact detection quality (CC): -0.0897
2026-01-25 03:21:56,213 - improved_analysis_v4 - INFO -     FR-TAS CC: -0.1164, JSD: 0.7116
2026-01-25 03:21:56,213 - improved_analysis_v4 - INFO -     NR-TAS CC: -0.0245, JSD: 0.5044
2026-01-25 03:21:56,357 - improved_analysis_v4 - INFO -   Artifact detection quality (CC): -0.0923
2026-01-25 03:21:56,613 - improved_analysis_v4 - INFO -     FR-TAS CC: -0.0972, JSD: 0.6726
2026-01-25 03:21:56,613 - improved_analysis_v4 - INFO -     NR-TAS CC: 0.1616, JSD: 0.4423
2026-01-25 03:21:56,613 - improved_analysis_v4 - INFO - 
[LOCO Fold 7/40] Testing on content: cycler_hill
2026-01-25 03:21:56,761 - improved_analysis_v4 - INFO -   Artifact detection quality (CC): -0.1045
2026-01-25 03:21:57,020 - improved_analysis_v4 - INFO -     FR-TAS CC: -0.1141, JSD: 0.6896
2026-01-25 03:21:57,020 - improved_analysis_v4 - INFO -     NR-TAS CC: 0.0253, JSD: 0.4438
2026-01-25 03:21:57,165 - improved_analysis_v4 - INFO -   Artifact detection quality (CC): -0.1152
2026-01-25 03:21:57,425 - improved_analysis_v4 - INFO -     FR-TAS CC: -0.1380, JSD: 0.6767
2026-01-25 03:21:57,425 - improved_analysis_v4 - INFO -     NR-TAS CC: -0.0176, JSD: 0.4302
2026-01-25 03:21:57,566 - improved_analysis_v4 - INFO -   Artifact detection quality (CC): -0.1235
2026-01-25 03:21:57,814 - improved_analysis_v4 - INFO -     FR-TAS CC: -0.1382, JSD: 0.6718
2026-01-25 03:21:57,814 - improved_analysis_v4 - INFO -     NR-TAS CC: 0.0458, JSD: 0.4100
2026-01-25 03:21:57,952 - improved_analysis_v4 - INFO -   Artifact detection quality (CC): -0.1215
2026-01-25 03:21:58,202 - improved_analysis_v4 - INFO -     FR-TAS CC: -0.1444, JSD: 0.6708
2026-01-25 03:21:58,202 - improved_analysis_v4 - INFO -     NR-TAS CC: 0.0317, JSD: 0.4145
2026-01-25 03:21:58,202 - improved_analysis_v4 - INFO - 
[LOCO Fold 8/40] Testing on content: cycler_ice
2026-01-25 03:21:58,349 - improved_analysis_v4 - INFO -   Artifact detection quality (CC): -0.0479
2026-01-25 03:21:58,602 - improved_analysis_v4 - INFO -     FR-TAS CC: -0.0511, JSD: 0.4910
2026-01-25 03:21:58,603 - improved_analysis_v4 - INFO -     NR-TAS CC: 0.1999, JSD: 0.3196
2026-01-25 03:21:58,738 - improved_analysis_v4 - INFO -   Artifact detection quality (CC): -0.0564
2026-01-25 03:21:58,987 - improved_analysis_v4 - INFO -     FR-TAS CC: -0.0527, JSD: 0.4768
2026-01-25 03:21:58,987 - improved_analysis_v4 - INFO -     NR-TAS CC: 0.2704, JSD: 0.2876
2026-01-25 03:21:59,124 - improved_analysis_v4 - INFO -   Artifact detection quality (CC): -0.0756
2026-01-25 03:21:59,377 - improved_analysis_v4 - INFO -     FR-TAS CC: -0.1110, JSD: 0.5487
2026-01-25 03:21:59,377 - improved_analysis_v4 - INFO -     NR-TAS CC: 0.0445, JSD: 0.3391
2026-01-25 03:21:59,517 - improved_analysis_v4 - INFO -   Artifact detection quality (CC): -0.0945
2026-01-25 03:21:59,773 - improved_analysis_v4 - INFO -     FR-TAS CC: -0.1435, JSD: 0.5534
2026-01-25 03:21:59,773 - improved_analysis_v4 - INFO -     NR-TAS CC: 0.0029, JSD: 0.3232
2026-01-25 03:21:59,773 - improved_analysis_v4 - INFO - 
[LOCO Fold 9/40] Testing on content: dog
2026-01-25 03:21:59,922 - improved_analysis_v4 - INFO -   Artifact detection quality (CC): -0.0882
2026-01-25 03:22:00,179 - improved_analysis_v4 - INFO -     FR-TAS CC: -0.1271, JSD: 0.6473
2026-01-25 03:22:00,180 - improved_analysis_v4 - INFO -     NR-TAS CC: 0.0012, JSD: 0.4251
2026-01-25 03:22:00,316 - improved_analysis_v4 - INFO -   Artifact detection quality (CC): -0.0318
2026-01-25 03:22:00,563 - improved_analysis_v4 - INFO -     FR-TAS CC: -0.0352, JSD: 0.5957
2026-01-25 03:22:00,563 - improved_analysis_v4 - INFO -     NR-TAS CC: 0.2664, JSD: 0.3474
2026-01-25 03:22:00,703 - improved_analysis_v4 - INFO -   Artifact detection quality (CC): -0.0793
2026-01-25 03:22:00,956 - improved_analysis_v4 - INFO -     FR-TAS CC: -0.1009, JSD: 0.6283
2026-01-25 03:22:00,957 - improved_analysis_v4 - INFO -     NR-TAS CC: 0.1376, JSD: 0.3864
2026-01-25 03:22:01,095 - improved_analysis_v4 - INFO -   Artifact detection quality (CC): -0.0720
2026-01-25 03:22:01,350 - improved_analysis_v4 - INFO -     FR-TAS CC: -0.0960, JSD: 0.6262
2026-01-25 03:22:01,350 - improved_analysis_v4 - INFO -     NR-TAS CC: 0.1252, JSD: 0.3749
2026-01-25 03:22:01,350 - improved_analysis_v4 - INFO - 
[LOCO Fold 10/40] Testing on content: dog_walker
2026-01-25 03:22:01,500 - improved_analysis_v4 - INFO -   Artifact detection quality (CC): -0.0854
2026-01-25 03:22:01,737 - improved_analysis_v4 - INFO -     FR-TAS CC: -0.0945, JSD: 0.6528
2026-01-25 03:22:01,737 - improved_analysis_v4 - INFO -     NR-TAS CC: 0.1643, JSD: 0.4311
2026-01-25 03:22:01,877 - improved_analysis_v4 - INFO -   Artifact detection quality (CC): -0.0855
2026-01-25 03:22:02,123 - improved_analysis_v4 - INFO -     FR-TAS CC: -0.0987, JSD: 0.6421
2026-01-25 03:22:02,123 - improved_analysis_v4 - INFO -     NR-TAS CC: 0.1380, JSD: 0.4132
2026-01-25 03:22:02,267 - improved_analysis_v4 - INFO -   Artifact detection quality (CC): -0.1007
2026-01-25 03:22:02,509 - improved_analysis_v4 - INFO -     FR-TAS CC: -0.1282, JSD: 0.6307
2026-01-25 03:22:02,509 - improved_analysis_v4 - INFO -     NR-TAS CC: 0.0616, JSD: 0.3899
2026-01-25 03:22:02,649 - improved_analysis_v4 - INFO -   Artifact detection quality (CC): -0.1028
2026-01-25 03:22:02,899 - improved_analysis_v4 - INFO -     FR-TAS CC: -0.1202, JSD: 0.6619
2026-01-25 03:22:02,900 - improved_analysis_v4 - INFO -     NR-TAS CC: 0.1239, JSD: 0.4303
2026-01-25 03:22:02,900 - improved_analysis_v4 - INFO - 
[LOCO Fold 11/40] Testing on content: fence_guard
2026-01-25 03:22:03,049 - improved_analysis_v4 - INFO -   Artifact detection quality (CC): -0.0585
2026-01-25 03:22:03,298 - improved_analysis_v4 - INFO -     FR-TAS CC: -0.0553, JSD: 0.6166
2026-01-25 03:22:03,298 - improved_analysis_v4 - INFO -     NR-TAS CC: 0.2393, JSD: 0.3829
2026-01-25 03:22:03,437 - improved_analysis_v4 - INFO -   Artifact detection quality (CC): -0.0656
2026-01-25 03:22:03,689 - improved_analysis_v4 - INFO -     FR-TAS CC: -0.0643, JSD: 0.6220
2026-01-25 03:22:03,689 - improved_analysis_v4 - INFO -     NR-TAS CC: 0.2247, JSD: 0.3774
2026-01-25 03:22:03,828 - improved_analysis_v4 - INFO -   Artifact detection quality (CC): -0.0720
2026-01-25 03:22:04,071 - improved_analysis_v4 - INFO -     FR-TAS CC: -0.0834, JSD: 0.6606
2026-01-25 03:22:04,071 - improved_analysis_v4 - INFO -     NR-TAS CC: 0.0911, JSD: 0.4386
2026-01-25 03:22:04,212 - improved_analysis_v4 - INFO -   Artifact detection quality (CC): -0.0782
2026-01-25 03:22:04,456 - improved_analysis_v4 - INFO -     FR-TAS CC: -0.0779, JSD: 0.6082
2026-01-25 03:22:04,456 - improved_analysis_v4 - INFO -     NR-TAS CC: 0.2671, JSD: 0.3652
2026-01-25 03:22:04,456 - improved_analysis_v4 - INFO - 
[LOCO Fold 12/40] Testing on content: girl_boat
2026-01-25 03:22:04,603 - improved_analysis_v4 - INFO -   Artifact detection quality (CC): -0.0401
2026-01-25 03:22:04,848 - improved_analysis_v4 - INFO -     FR-TAS CC: -0.0090, JSD: 0.6415
2026-01-25 03:22:04,848 - improved_analysis_v4 - INFO -     NR-TAS CC: 0.3682, JSD: 0.4717
2026-01-25 03:22:04,987 - improved_analysis_v4 - INFO -   Artifact detection quality (CC): -0.0444
2026-01-25 03:22:05,224 - improved_analysis_v4 - INFO -     FR-TAS CC: -0.0049, JSD: 0.6281
2026-01-25 03:22:05,224 - improved_analysis_v4 - INFO -     NR-TAS CC: 0.4669, JSD: 0.4272
2026-01-25 03:22:05,366 - improved_analysis_v4 - INFO -   Artifact detection quality (CC): -0.0524
2026-01-25 03:22:05,607 - improved_analysis_v4 - INFO -     FR-TAS CC: -0.0250, JSD: 0.6116
2026-01-25 03:22:05,607 - improved_analysis_v4 - INFO -     NR-TAS CC: 0.3966, JSD: 0.3868
2026-01-25 03:22:05,750 - improved_analysis_v4 - INFO -   Artifact detection quality (CC): -0.0515
2026-01-25 03:22:06,004 - improved_analysis_v4 - INFO -     FR-TAS CC: -0.0364, JSD: 0.6143
2026-01-25 03:22:06,004 - improved_analysis_v4 - INFO -     NR-TAS CC: 0.3188, JSD: 0.3969
2026-01-25 03:22:06,004 - improved_analysis_v4 - INFO - 
[LOCO Fold 13/40] Testing on content: girl_car
2026-01-25 03:22:06,148 - improved_analysis_v4 - INFO -   Artifact detection quality (CC): -0.0632
2026-01-25 03:22:06,390 - improved_analysis_v4 - INFO -     FR-TAS CC: -0.0670, JSD: 0.6218
2026-01-25 03:22:06,391 - improved_analysis_v4 - INFO -     NR-TAS CC: 0.0821, JSD: 0.3907
2026-01-25 03:22:06,527 - improved_analysis_v4 - INFO -   Artifact detection quality (CC): -0.0424
2026-01-25 03:22:06,769 - improved_analysis_v4 - INFO -     FR-TAS CC: -0.0309, JSD: 0.5677
2026-01-25 03:22:06,769 - improved_analysis_v4 - INFO -     NR-TAS CC: 0.2697, JSD: 0.3431
2026-01-25 03:22:06,907 - improved_analysis_v4 - INFO -   Artifact detection quality (CC): -0.0655
2026-01-25 03:22:07,159 - improved_analysis_v4 - INFO -     FR-TAS CC: -0.0710, JSD: 0.6023
2026-01-25 03:22:07,159 - improved_analysis_v4 - INFO -     NR-TAS CC: 0.1254, JSD: 0.3786
2026-01-25 03:22:07,297 - improved_analysis_v4 - INFO -   Artifact detection quality (CC): -0.0639
2026-01-25 03:22:07,536 - improved_analysis_v4 - INFO -     FR-TAS CC: -0.0778, JSD: 0.6098
2026-01-25 03:22:07,536 - improved_analysis_v4 - INFO -     NR-TAS CC: 0.0619, JSD: 0.3678
2026-01-25 03:22:07,536 - improved_analysis_v4 - INFO - 
[LOCO Fold 14/40] Testing on content: goalkeeper_boy
2026-01-25 03:22:07,684 - improved_analysis_v4 - INFO -   Artifact detection quality (CC): -0.0472
2026-01-25 03:22:07,933 - improved_analysis_v4 - INFO -     FR-TAS CC: 0.0001, JSD: 0.5794
2026-01-25 03:22:07,933 - improved_analysis_v4 - INFO -     NR-TAS CC: 0.4802, JSD: 0.3537
2026-01-25 03:22:08,072 - improved_analysis_v4 - INFO -   Artifact detection quality (CC): -0.0524
2026-01-25 03:22:08,316 - improved_analysis_v4 - INFO -     FR-TAS CC: -0.0194, JSD: 0.5845
2026-01-25 03:22:08,316 - improved_analysis_v4 - INFO -     NR-TAS CC: 0.4026, JSD: 0.3551
2026-01-25 03:22:08,453 - improved_analysis_v4 - INFO -   Artifact detection quality (CC): -0.0519
2026-01-25 03:22:08,704 - improved_analysis_v4 - INFO -     FR-TAS CC: -0.0302, JSD: 0.6036
2026-01-25 03:22:08,704 - improved_analysis_v4 - INFO -     NR-TAS CC: 0.3430, JSD: 0.3740
2026-01-25 03:22:08,842 - improved_analysis_v4 - INFO -   Artifact detection quality (CC): -0.0465
2026-01-25 03:22:09,084 - improved_analysis_v4 - INFO -     FR-TAS CC: -0.0370, JSD: 0.6087
2026-01-25 03:22:09,084 - improved_analysis_v4 - INFO -     NR-TAS CC: 0.2830, JSD: 0.3717
2026-01-25 03:22:09,084 - improved_analysis_v4 - INFO - 
[LOCO Fold 15/40] Testing on content: head_statue
2026-01-25 03:22:09,231 - improved_analysis_v4 - INFO -   Artifact detection quality (CC): -0.0515
2026-01-25 03:22:09,482 - improved_analysis_v4 - INFO -     FR-TAS CC: -0.0329, JSD: 0.5286
2026-01-25 03:22:09,482 - improved_analysis_v4 - INFO -     NR-TAS CC: 0.3254, JSD: 0.3477
2026-01-25 03:22:09,620 - improved_analysis_v4 - INFO -   Artifact detection quality (CC): -0.0610
2026-01-25 03:22:09,870 - improved_analysis_v4 - INFO -     FR-TAS CC: -0.0531, JSD: 0.5804
2026-01-25 03:22:09,870 - improved_analysis_v4 - INFO -     NR-TAS CC: 0.2096, JSD: 0.3593
2026-01-25 03:22:10,007 - improved_analysis_v4 - INFO -   Artifact detection quality (CC): -0.0619
2026-01-25 03:22:10,256 - improved_analysis_v4 - INFO -     FR-TAS CC: -0.0224, JSD: 0.5426
2026-01-25 03:22:10,256 - improved_analysis_v4 - INFO -     NR-TAS CC: 0.4654, JSD: 0.3273
2026-01-25 03:22:10,396 - improved_analysis_v4 - INFO -   Artifact detection quality (CC): -0.0877
2026-01-25 03:22:10,639 - improved_analysis_v4 - INFO -     FR-TAS CC: -0.1126, JSD: 0.5797
2026-01-25 03:22:10,639 - improved_analysis_v4 - INFO -     NR-TAS CC: 0.1937, JSD: 0.3528
2026-01-25 03:22:10,639 - improved_analysis_v4 - INFO - 
[LOCO Fold 16/40] Testing on content: hunter_boy
2026-01-25 03:22:10,786 - improved_analysis_v4 - INFO -   Artifact detection quality (CC): -0.0671
2026-01-25 03:22:11,042 - improved_analysis_v4 - INFO -     FR-TAS CC: -0.0544, JSD: 0.6660
2026-01-25 03:22:11,042 - improved_analysis_v4 - INFO -     NR-TAS CC: 0.2815, JSD: 0.4466
2026-01-25 03:22:11,182 - improved_analysis_v4 - INFO -   Artifact detection quality (CC): -0.0543
2026-01-25 03:22:11,429 - improved_analysis_v4 - INFO -     FR-TAS CC: -0.0244, JSD: 0.6747
2026-01-25 03:22:11,430 - improved_analysis_v4 - INFO -     NR-TAS CC: 0.3847, JSD: 0.4587
2026-01-25 03:22:11,569 - improved_analysis_v4 - INFO -   Artifact detection quality (CC): -0.0556
2026-01-25 03:22:11,809 - improved_analysis_v4 - INFO -     FR-TAS CC: -0.0230, JSD: 0.6657
2026-01-25 03:22:11,809 - improved_analysis_v4 - INFO -     NR-TAS CC: 0.4052, JSD: 0.4416
2026-01-25 03:22:11,949 - improved_analysis_v4 - INFO -   Artifact detection quality (CC): -0.0625
2026-01-25 03:22:12,200 - improved_analysis_v4 - INFO -     FR-TAS CC: -0.0604, JSD: 0.6920
2026-01-25 03:22:12,201 - improved_analysis_v4 - INFO -     NR-TAS CC: 0.1655, JSD: 0.4791
2026-01-25 03:22:12,201 - improved_analysis_v4 - INFO - 
[LOCO Fold 17/40] Testing on content: kid_bucket
2026-01-25 03:22:12,346 - improved_analysis_v4 - INFO -   Artifact detection quality (CC): -0.0526
2026-01-25 03:22:12,589 - improved_analysis_v4 - INFO -     FR-TAS CC: -0.0335, JSD: 0.6568
2026-01-25 03:22:12,589 - improved_analysis_v4 - INFO -     NR-TAS CC: 0.3207, JSD: 0.4336
2026-01-25 03:22:12,725 - improved_analysis_v4 - INFO -   Artifact detection quality (CC): -0.0642
2026-01-25 03:22:12,964 - improved_analysis_v4 - INFO -     FR-TAS CC: -0.0514, JSD: 0.6809
2026-01-25 03:22:12,965 - improved_analysis_v4 - INFO -     NR-TAS CC: 0.2619, JSD: 0.4628
2026-01-25 03:22:13,102 - improved_analysis_v4 - INFO -   Artifact detection quality (CC): -0.0574
2026-01-25 03:22:13,349 - improved_analysis_v4 - INFO -     FR-TAS CC: -0.0485, JSD: 0.6883
2026-01-25 03:22:13,349 - improved_analysis_v4 - INFO -     NR-TAS CC: 0.1334, JSD: 0.4676
2026-01-25 03:22:13,485 - improved_analysis_v4 - INFO -   Artifact detection quality (CC): -0.0595
2026-01-25 03:22:13,733 - improved_analysis_v4 - INFO -     FR-TAS CC: -0.0266, JSD: 0.6652
2026-01-25 03:22:13,734 - improved_analysis_v4 - INFO -     NR-TAS CC: 0.2673, JSD: 0.4393
2026-01-25 03:22:13,734 - improved_analysis_v4 - INFO - 
[LOCO Fold 18/40] Testing on content: kid_rubble
2026-01-25 03:22:13,880 - improved_analysis_v4 - INFO -   Artifact detection quality (CC): -0.0529
2026-01-25 03:22:14,128 - improved_analysis_v4 - INFO -     FR-TAS CC: -0.0503, JSD: 0.6683
2026-01-25 03:22:14,128 - improved_analysis_v4 - INFO -     NR-TAS CC: 0.1097, JSD: 0.4282
2026-01-25 03:22:14,267 - improved_analysis_v4 - INFO -   Artifact detection quality (CC): -0.0773
2026-01-25 03:22:14,512 - improved_analysis_v4 - INFO -     FR-TAS CC: -0.0881, JSD: 0.6646
2026-01-25 03:22:14,512 - improved_analysis_v4 - INFO -     NR-TAS CC: 0.1001, JSD: 0.4153
2026-01-25 03:22:14,652 - improved_analysis_v4 - INFO -   Artifact detection quality (CC): -0.0987
2026-01-25 03:22:14,903 - improved_analysis_v4 - INFO -     FR-TAS CC: -0.1031, JSD: 0.6509
2026-01-25 03:22:14,903 - improved_analysis_v4 - INFO -     NR-TAS CC: 0.1761, JSD: 0.4000
2026-01-25 03:22:15,043 - improved_analysis_v4 - INFO -   Artifact detection quality (CC): -0.0797
2026-01-25 03:22:15,290 - improved_analysis_v4 - INFO -     FR-TAS CC: -0.0850, JSD: 0.6534
2026-01-25 03:22:15,290 - improved_analysis_v4 - INFO -     NR-TAS CC: 0.1227, JSD: 0.4012
2026-01-25 03:22:15,290 - improved_analysis_v4 - INFO - 
[LOCO Fold 19/40] Testing on content: laughing_bear
2026-01-25 03:22:15,439 - improved_analysis_v4 - INFO -   Artifact detection quality (CC): -0.0622
2026-01-25 03:22:15,683 - improved_analysis_v4 - INFO -     FR-TAS CC: -0.0533, JSD: 0.6732
2026-01-25 03:22:15,683 - improved_analysis_v4 - INFO -     NR-TAS CC: 0.2144, JSD: 0.4507
2026-01-25 03:22:15,824 - improved_analysis_v4 - INFO -   Artifact detection quality (CC): -0.0801
2026-01-25 03:22:16,078 - improved_analysis_v4 - INFO -     FR-TAS CC: -0.0829, JSD: 0.6587
2026-01-25 03:22:16,078 - improved_analysis_v4 - INFO -     NR-TAS CC: 0.2385, JSD: 0.4195
2026-01-25 03:22:16,219 - improved_analysis_v4 - INFO -   Artifact detection quality (CC): -0.0751
2026-01-25 03:22:16,474 - improved_analysis_v4 - INFO -     FR-TAS CC: -0.0863, JSD: 0.6594
2026-01-25 03:22:16,474 - improved_analysis_v4 - INFO -     NR-TAS CC: 0.1311, JSD: 0.4343
2026-01-25 03:22:16,616 - improved_analysis_v4 - INFO -   Artifact detection quality (CC): -0.0998
2026-01-25 03:22:16,862 - improved_analysis_v4 - INFO -     FR-TAS CC: -0.1137, JSD: 0.6631
2026-01-25 03:22:16,862 - improved_analysis_v4 - INFO -     NR-TAS CC: 0.1539, JSD: 0.4156
2026-01-25 03:22:16,863 - improved_analysis_v4 - INFO - 
[LOCO Fold 20/40] Testing on content: man_desert
2026-01-25 03:22:17,009 - improved_analysis_v4 - INFO -   Artifact detection quality (CC): -0.0383
2026-01-25 03:22:17,261 - improved_analysis_v4 - INFO -     FR-TAS CC: -0.0192, JSD: 0.6412
2026-01-25 03:22:17,261 - improved_analysis_v4 - INFO -     NR-TAS CC: 0.3030, JSD: 0.4206
2026-01-25 03:22:17,399 - improved_analysis_v4 - INFO -   Artifact detection quality (CC): -0.0430
2026-01-25 03:22:17,641 - improved_analysis_v4 - INFO -     FR-TAS CC: -0.0349, JSD: 0.6751
2026-01-25 03:22:17,641 - improved_analysis_v4 - INFO -     NR-TAS CC: 0.1806, JSD: 0.4641
2026-01-25 03:22:17,778 - improved_analysis_v4 - INFO -   Artifact detection quality (CC): -0.0506
2026-01-25 03:22:18,020 - improved_analysis_v4 - INFO -     FR-TAS CC: -0.0368, JSD: 0.6661
2026-01-25 03:22:18,021 - improved_analysis_v4 - INFO -     NR-TAS CC: 0.2463, JSD: 0.4456
2026-01-25 03:22:18,160 - improved_analysis_v4 - INFO -   Artifact detection quality (CC): -0.0650
2026-01-25 03:22:18,409 - improved_analysis_v4 - INFO -     FR-TAS CC: -0.0595, JSD: 0.6974
2026-01-25 03:22:18,409 - improved_analysis_v4 - INFO -     NR-TAS CC: 0.1628, JSD: 0.4915
2026-01-25 03:22:18,409 - improved_analysis_v4 - INFO - 
[LOCO Fold 21/40] Testing on content: man_door
2026-01-25 03:22:18,556 - improved_analysis_v4 - INFO -   Artifact detection quality (CC): -0.0661
2026-01-25 03:22:18,803 - improved_analysis_v4 - INFO -     FR-TAS CC: -0.0606, JSD: 0.6605
2026-01-25 03:22:18,803 - improved_analysis_v4 - INFO -     NR-TAS CC: 0.2258, JSD: 0.4283
2026-01-25 03:22:18,940 - improved_analysis_v4 - INFO -   Artifact detection quality (CC): -0.0599
2026-01-25 03:22:19,180 - improved_analysis_v4 - INFO -     FR-TAS CC: -0.0512, JSD: 0.6869
2026-01-25 03:22:19,180 - improved_analysis_v4 - INFO -     NR-TAS CC: 0.2314, JSD: 0.4817
2026-01-25 03:22:19,320 - improved_analysis_v4 - INFO -   Artifact detection quality (CC): -0.0701
2026-01-25 03:22:19,570 - improved_analysis_v4 - INFO -     FR-TAS CC: -0.0638, JSD: 0.6765
2026-01-25 03:22:19,571 - improved_analysis_v4 - INFO -     NR-TAS CC: 0.2402, JSD: 0.4497
2026-01-25 03:22:19,710 - improved_analysis_v4 - INFO -   Artifact detection quality (CC): -0.0628
2026-01-25 03:22:19,955 - improved_analysis_v4 - INFO -     FR-TAS CC: -0.0539, JSD: 0.6726
2026-01-25 03:22:19,956 - improved_analysis_v4 - INFO -     NR-TAS CC: 0.2170, JSD: 0.4341
2026-01-25 03:22:19,956 - improved_analysis_v4 - INFO - 
[LOCO Fold 22/40] Testing on content: man_weaving
2026-01-25 03:22:20,104 - improved_analysis_v4 - INFO -   Artifact detection quality (CC): -0.0547
2026-01-25 03:22:20,353 - improved_analysis_v4 - INFO -     FR-TAS CC: -0.0659, JSD: 0.6412
2026-01-25 03:22:20,353 - improved_analysis_v4 - INFO -     NR-TAS CC: 0.1101, JSD: 0.4178
2026-01-25 03:22:20,494 - improved_analysis_v4 - INFO -   Artifact detection quality (CC): -0.0985
2026-01-25 03:22:20,748 - improved_analysis_v4 - INFO -     FR-TAS CC: -0.1012, JSD: 0.6715
2026-01-25 03:22:20,748 - improved_analysis_v4 - INFO -     NR-TAS CC: 0.0206, JSD: 0.4360
2026-01-25 03:22:20,891 - improved_analysis_v4 - INFO -   Artifact detection quality (CC): -0.0917
2026-01-25 03:22:21,137 - improved_analysis_v4 - INFO -     FR-TAS CC: -0.0864, JSD: 0.6573
2026-01-25 03:22:21,137 - improved_analysis_v4 - INFO -     NR-TAS CC: 0.0302, JSD: 0.4184
2026-01-25 03:22:21,280 - improved_analysis_v4 - INFO -   Artifact detection quality (CC): -0.0889
2026-01-25 03:22:21,526 - improved_analysis_v4 - INFO -     FR-TAS CC: -0.1043, JSD: 0.6486
2026-01-25 03:22:21,526 - improved_analysis_v4 - INFO -     NR-TAS CC: 0.0549, JSD: 0.4063
2026-01-25 03:22:21,526 - improved_analysis_v4 - INFO - 
[LOCO Fold 23/40] Testing on content: monk
2026-01-25 03:22:21,672 - improved_analysis_v4 - INFO -   Artifact detection quality (CC): -0.0392
2026-01-25 03:22:21,915 - improved_analysis_v4 - INFO -     FR-TAS CC: 0.0049, JSD: 0.6058
2026-01-25 03:22:21,915 - improved_analysis_v4 - INFO -     NR-TAS CC: 0.4183, JSD: 0.3968
2026-01-25 03:22:22,053 - improved_analysis_v4 - INFO -   Artifact detection quality (CC): -0.0477
2026-01-25 03:22:22,291 - improved_analysis_v4 - INFO -     FR-TAS CC: -0.0194, JSD: 0.6093
2026-01-25 03:22:22,291 - improved_analysis_v4 - INFO -     NR-TAS CC: 0.3689, JSD: 0.4125
2026-01-25 03:22:22,454 - improved_analysis_v4 - INFO -   Artifact detection quality (CC): -0.0510
2026-01-25 03:22:22,694 - improved_analysis_v4 - INFO -     FR-TAS CC: -0.0450, JSD: 0.6501
2026-01-25 03:22:22,694 - improved_analysis_v4 - INFO -     NR-TAS CC: 0.1895, JSD: 0.4468
2026-01-25 03:22:22,835 - improved_analysis_v4 - INFO -   Artifact detection quality (CC): -0.0649
2026-01-25 03:22:23,088 - improved_analysis_v4 - INFO -     FR-TAS CC: -0.0731, JSD: 0.6502
2026-01-25 03:22:23,088 - improved_analysis_v4 - INFO -     NR-TAS CC: 0.1595, JSD: 0.4516
2026-01-25 03:22:23,088 - improved_analysis_v4 - INFO - 
[LOCO Fold 24/40] Testing on content: mountain_chateau
2026-01-25 03:22:23,233 - improved_analysis_v4 - INFO -   Artifact detection quality (CC): -0.0471
2026-01-25 03:22:23,472 - improved_analysis_v4 - INFO -     FR-TAS CC: 0.0025, JSD: 0.5680
2026-01-25 03:22:23,472 - improved_analysis_v4 - INFO -     NR-TAS CC: 0.4538, JSD: 0.3736
2026-01-25 03:22:23,611 - improved_analysis_v4 - INFO -   Artifact detection quality (CC): -0.0787
2026-01-25 03:22:23,855 - improved_analysis_v4 - INFO -     FR-TAS CC: -0.0642, JSD: 0.6186
2026-01-25 03:22:23,855 - improved_analysis_v4 - INFO -     NR-TAS CC: 0.3245, JSD: 0.4009
2026-01-25 03:22:23,994 - improved_analysis_v4 - INFO -   Artifact detection quality (CC): -0.0729
2026-01-25 03:22:24,248 - improved_analysis_v4 - INFO -     FR-TAS CC: -0.0545, JSD: 0.6124
2026-01-25 03:22:24,248 - improved_analysis_v4 - INFO -     NR-TAS CC: 0.2980, JSD: 0.3974
2026-01-25 03:22:24,387 - improved_analysis_v4 - INFO -   Artifact detection quality (CC): -0.0711
2026-01-25 03:22:24,635 - improved_analysis_v4 - INFO -     FR-TAS CC: -0.0565, JSD: 0.6078
2026-01-25 03:22:24,635 - improved_analysis_v4 - INFO -     NR-TAS CC: 0.2842, JSD: 0.3870
2026-01-25 03:22:24,635 - improved_analysis_v4 - INFO - 
[LOCO Fold 25/40] Testing on content: satellite
2026-01-25 03:22:24,791 - improved_analysis_v4 - INFO -   Artifact detection quality (CC): -0.0281
2026-01-25 03:22:25,042 - improved_analysis_v4 - INFO -     FR-TAS CC: -0.0077, JSD: 0.5608
2026-01-25 03:22:25,042 - improved_analysis_v4 - INFO -     NR-TAS CC: 0.3740, JSD: 0.3578
2026-01-25 03:22:25,184 - improved_analysis_v4 - INFO -   Artifact detection quality (CC): -0.0610
2026-01-25 03:22:25,436 - improved_analysis_v4 - INFO -     FR-TAS CC: -0.0635, JSD: 0.5666
2026-01-25 03:22:25,436 - improved_analysis_v4 - INFO -     NR-TAS CC: 0.2488, JSD: 0.3515
2026-01-25 03:22:25,579 - improved_analysis_v4 - INFO -   Artifact detection quality (CC): -0.0644
2026-01-25 03:22:25,824 - improved_analysis_v4 - INFO -     FR-TAS CC: -0.0690, JSD: 0.5708
2026-01-25 03:22:25,824 - improved_analysis_v4 - INFO -     NR-TAS CC: 0.2687, JSD: 0.3380
2026-01-25 03:22:25,966 - improved_analysis_v4 - INFO -   Artifact detection quality (CC): -0.0769
2026-01-25 03:22:26,213 - improved_analysis_v4 - INFO -     FR-TAS CC: -0.1240, JSD: 0.6029
2026-01-25 03:22:26,213 - improved_analysis_v4 - INFO -     NR-TAS CC: 0.0404, JSD: 0.3617
2026-01-25 03:22:26,213 - improved_analysis_v4 - INFO - 
[LOCO Fold 26/40] Testing on content: seal_ice
2026-01-25 03:22:26,359 - improved_analysis_v4 - INFO -   Artifact detection quality (CC): -0.0668
2026-01-25 03:22:26,611 - improved_analysis_v4 - INFO -     FR-TAS CC: -0.0610, JSD: 0.6979
2026-01-25 03:22:26,611 - improved_analysis_v4 - INFO -     NR-TAS CC: 0.1336, JSD: 0.4771
2026-01-25 03:22:26,748 - improved_analysis_v4 - INFO -   Artifact detection quality (CC): -0.0844
2026-01-25 03:22:26,993 - improved_analysis_v4 - INFO -     FR-TAS CC: -0.0955, JSD: 0.6720
2026-01-25 03:22:26,993 - improved_analysis_v4 - INFO -     NR-TAS CC: 0.1338, JSD: 0.4453
2026-01-25 03:22:27,131 - improved_analysis_v4 - INFO -   Artifact detection quality (CC): -0.0677
2026-01-25 03:22:27,376 - improved_analysis_v4 - INFO -     FR-TAS CC: -0.0640, JSD: 0.6494
2026-01-25 03:22:27,376 - improved_analysis_v4 - INFO -     NR-TAS CC: 0.2715, JSD: 0.4006
2026-01-25 03:22:27,515 - improved_analysis_v4 - INFO -   Artifact detection quality (CC): -0.0724
2026-01-25 03:22:27,768 - improved_analysis_v4 - INFO -     FR-TAS CC: -0.0722, JSD: 0.6515
2026-01-25 03:22:27,769 - improved_analysis_v4 - INFO -     NR-TAS CC: 0.2256, JSD: 0.4091
2026-01-25 03:22:27,769 - improved_analysis_v4 - INFO - 
[LOCO Fold 27/40] Testing on content: seals_cliff
2026-01-25 03:22:27,916 - improved_analysis_v4 - INFO -   Artifact detection quality (CC): -0.0871
2026-01-25 03:22:28,162 - improved_analysis_v4 - INFO -     FR-TAS CC: -0.0855, JSD: 0.6630
2026-01-25 03:22:28,162 - improved_analysis_v4 - INFO -     NR-TAS CC: 0.0814, JSD: 0.4390
2026-01-25 03:22:28,301 - improved_analysis_v4 - INFO -   Artifact detection quality (CC): -0.0664
2026-01-25 03:22:28,548 - improved_analysis_v4 - INFO -     FR-TAS CC: -0.0454, JSD: 0.6413
2026-01-25 03:22:28,548 - improved_analysis_v4 - INFO -     NR-TAS CC: 0.1847, JSD: 0.4188
2026-01-25 03:22:28,687 - improved_analysis_v4 - INFO -   Artifact detection quality (CC): -0.0685
2026-01-25 03:22:28,941 - improved_analysis_v4 - INFO -     FR-TAS CC: -0.0450, JSD: 0.6266
2026-01-25 03:22:28,941 - improved_analysis_v4 - INFO -     NR-TAS CC: 0.2385, JSD: 0.3963
2026-01-25 03:22:29,083 - improved_analysis_v4 - INFO -   Artifact detection quality (CC): -0.0797
2026-01-25 03:22:29,327 - improved_analysis_v4 - INFO -     FR-TAS CC: -0.0641, JSD: 0.6446
2026-01-25 03:22:29,327 - improved_analysis_v4 - INFO -     NR-TAS CC: 0.1779, JSD: 0.4146
2026-01-25 03:22:29,327 - improved_analysis_v4 - INFO - 
[LOCO Fold 28/40] Testing on content: short_man
2026-01-25 03:22:29,472 - improved_analysis_v4 - INFO -   Artifact detection quality (CC): -0.0830
2026-01-25 03:22:29,716 - improved_analysis_v4 - INFO -     FR-TAS CC: -0.0867, JSD: 0.6078
2026-01-25 03:22:29,716 - improved_analysis_v4 - INFO -     NR-TAS CC: 0.2203, JSD: 0.3622
2026-01-25 03:22:29,855 - improved_analysis_v4 - INFO -   Artifact detection quality (CC): -0.1050
2026-01-25 03:22:30,107 - improved_analysis_v4 - INFO -     FR-TAS CC: -0.1278, JSD: 0.6459
2026-01-25 03:22:30,107 - improved_analysis_v4 - INFO -     NR-TAS CC: 0.0467, JSD: 0.4058
2026-01-25 03:22:30,244 - improved_analysis_v4 - INFO -   Artifact detection quality (CC): -0.0970
2026-01-25 03:22:30,490 - improved_analysis_v4 - INFO -     FR-TAS CC: -0.1104, JSD: 0.6467
2026-01-25 03:22:30,490 - improved_analysis_v4 - INFO -     NR-TAS CC: 0.1380, JSD: 0.3980
2026-01-25 03:22:30,630 - improved_analysis_v4 - INFO -   Artifact detection quality (CC): -0.0965
2026-01-25 03:22:30,873 - improved_analysis_v4 - INFO -     FR-TAS CC: -0.1056, JSD: 0.6264
2026-01-25 03:22:30,873 - improved_analysis_v4 - INFO -     NR-TAS CC: 0.1852, JSD: 0.3718
2026-01-25 03:22:30,873 - improved_analysis_v4 - INFO - 
[LOCO Fold 29/40] Testing on content: snow_fox
/iridisfs/scratch/jc15u24/Code/IST02/TAS_experiments/src/artifact_maps_v2.py:157: RuntimeWarning: divide by zero encountered in divide
  ringing = ringing / np.percentile(ringing, 95)
/iridisfs/scratch/jc15u24/Code/IST02/TAS_experiments/src/artifact_maps_v2.py:157: RuntimeWarning: invalid value encountered in divide
  ringing = ringing / np.percentile(ringing, 95)
2026-01-25 03:22:31,019 - improved_analysis_v4 - INFO -   Artifact detection quality (CC): 0.0000
2026-01-25 03:22:31,210 - improved_analysis_v4 - INFO -     FR-TAS CC: 0.0000, JSD: nan
2026-01-25 03:22:31,211 - improved_analysis_v4 - INFO -     NR-TAS CC: 0.0000, JSD: nan
2026-01-25 03:22:31,348 - improved_analysis_v4 - INFO -   Artifact detection quality (CC): 0.0000
2026-01-25 03:22:31,521 - improved_analysis_v4 - INFO -     FR-TAS CC: 0.0000, JSD: nan
2026-01-25 03:22:31,522 - improved_analysis_v4 - INFO -     NR-TAS CC: 0.0000, JSD: nan
2026-01-25 03:22:31,658 - improved_analysis_v4 - INFO -   Artifact detection quality (CC): 0.0000
2026-01-25 03:22:31,838 - improved_analysis_v4 - INFO -     FR-TAS CC: 0.0000, JSD: nan
2026-01-25 03:22:31,838 - improved_analysis_v4 - INFO -     NR-TAS CC: 0.0000, JSD: nan
2026-01-25 03:22:31,975 - improved_analysis_v4 - INFO -   Artifact detection quality (CC): 0.0000
2026-01-25 03:22:32,151 - improved_analysis_v4 - INFO -     FR-TAS CC: 0.0000, JSD: nan
2026-01-25 03:22:32,151 - improved_analysis_v4 - INFO -     NR-TAS CC: 0.0000, JSD: nan
2026-01-25 03:22:32,151 - improved_analysis_v4 - INFO - 
[LOCO Fold 30/40] Testing on content: standing_bear
2026-01-25 03:22:32,297 - improved_analysis_v4 - INFO -   Artifact detection quality (CC): -0.0604
2026-01-25 03:22:32,525 - improved_analysis_v4 - INFO -     FR-TAS CC: -0.0358, JSD: 0.6422
2026-01-25 03:22:32,525 - improved_analysis_v4 - INFO -     NR-TAS CC: 0.3674, JSD: 0.4274
2026-01-25 03:22:32,663 - improved_analysis_v4 - INFO -   Artifact detection quality (CC): -0.0686
2026-01-25 03:22:32,905 - improved_analysis_v4 - INFO -     FR-TAS CC: -0.0618, JSD: 0.6473
2026-01-25 03:22:32,905 - improved_analysis_v4 - INFO -     NR-TAS CC: 0.2509, JSD: 0.4337
2026-01-25 03:22:33,043 - improved_analysis_v4 - INFO -   Artifact detection quality (CC): -0.0717
2026-01-25 03:22:33,286 - improved_analysis_v4 - INFO -     FR-TAS CC: -0.0680, JSD: 0.6391
2026-01-25 03:22:33,286 - improved_analysis_v4 - INFO -     NR-TAS CC: 0.2363, JSD: 0.4106
2026-01-25 03:22:33,424 - improved_analysis_v4 - INFO -   Artifact detection quality (CC): -0.0985
2026-01-25 03:22:33,674 - improved_analysis_v4 - INFO -     FR-TAS CC: -0.1146, JSD: 0.6431
2026-01-25 03:22:33,674 - improved_analysis_v4 - INFO -     NR-TAS CC: 0.1404, JSD: 0.3976
2026-01-25 03:22:33,674 - improved_analysis_v4 - INFO - 
[LOCO Fold 31/40] Testing on content: street_greeting
2026-01-25 03:22:33,821 - improved_analysis_v4 - INFO -   Artifact detection quality (CC): -0.0542
2026-01-25 03:22:34,068 - improved_analysis_v4 - INFO -     FR-TAS CC: -0.0501, JSD: 0.6472
2026-01-25 03:22:34,069 - improved_analysis_v4 - INFO -     NR-TAS CC: 0.1930, JSD: 0.4215
2026-01-25 03:22:34,208 - improved_analysis_v4 - INFO -   Artifact detection quality (CC): -0.0594
2026-01-25 03:22:34,461 - improved_analysis_v4 - INFO -     FR-TAS CC: -0.0499, JSD: 0.6702
2026-01-25 03:22:34,461 - improved_analysis_v4 - INFO -     NR-TAS CC: 0.1791, JSD: 0.4413
2026-01-25 03:22:34,598 - improved_analysis_v4 - INFO -   Artifact detection quality (CC): -0.0610
2026-01-25 03:22:34,848 - improved_analysis_v4 - INFO -     FR-TAS CC: -0.0712, JSD: 0.6622
2026-01-25 03:22:34,849 - improved_analysis_v4 - INFO -     NR-TAS CC: 0.1289, JSD: 0.4392
2026-01-25 03:22:34,987 - improved_analysis_v4 - INFO -   Artifact detection quality (CC): -0.0626
2026-01-25 03:22:35,236 - improved_analysis_v4 - INFO -     FR-TAS CC: -0.0580, JSD: 0.6464
2026-01-25 03:22:35,236 - improved_analysis_v4 - INFO -     NR-TAS CC: 0.1684, JSD: 0.4046
2026-01-25 03:22:35,236 - improved_analysis_v4 - INFO - 
[LOCO Fold 32/40] Testing on content: swan_ice
2026-01-25 03:22:35,381 - improved_analysis_v4 - INFO -   Artifact detection quality (CC): 0.0000
2026-01-25 03:22:35,560 - improved_analysis_v4 - INFO -     FR-TAS CC: 0.0000, JSD: nan
2026-01-25 03:22:35,561 - improved_analysis_v4 - INFO -     NR-TAS CC: 0.0000, JSD: nan
2026-01-25 03:22:35,696 - improved_analysis_v4 - INFO -   Artifact detection quality (CC): 0.0000
2026-01-25 03:22:35,884 - improved_analysis_v4 - INFO -     FR-TAS CC: 0.0000, JSD: nan
2026-01-25 03:22:35,884 - improved_analysis_v4 - INFO -     NR-TAS CC: 0.0000, JSD: nan
2026-01-25 03:22:36,020 - improved_analysis_v4 - INFO -   Artifact detection quality (CC): 0.0000
2026-01-25 03:22:36,195 - improved_analysis_v4 - INFO -     FR-TAS CC: 0.0000, JSD: nan
2026-01-25 03:22:36,195 - improved_analysis_v4 - INFO -     NR-TAS CC: 0.0000, JSD: nan
2026-01-25 03:22:36,331 - improved_analysis_v4 - INFO -   Artifact detection quality (CC): 0.0000
2026-01-25 03:22:36,506 - improved_analysis_v4 - INFO -     FR-TAS CC: 0.0000, JSD: nan
2026-01-25 03:22:36,506 - improved_analysis_v4 - INFO -     NR-TAS CC: 0.0000, JSD: nan
2026-01-25 03:22:36,506 - improved_analysis_v4 - INFO - 
[LOCO Fold 33/40] Testing on content: tiger_leaves
2026-01-25 03:22:36,656 - improved_analysis_v4 - INFO -   Artifact detection quality (CC): -0.0939
2026-01-25 03:22:36,900 - improved_analysis_v4 - INFO -     FR-TAS CC: -0.0856, JSD: 0.6133
2026-01-25 03:22:36,900 - improved_analysis_v4 - INFO -     NR-TAS CC: 0.2831, JSD: 0.3667
2026-01-25 03:22:37,043 - improved_analysis_v4 - INFO -   Artifact detection quality (CC): -0.0970
2026-01-25 03:22:37,284 - improved_analysis_v4 - INFO -     FR-TAS CC: -0.1053, JSD: 0.6396
2026-01-25 03:22:37,284 - improved_analysis_v4 - INFO -     NR-TAS CC: 0.1182, JSD: 0.4024
2026-01-25 03:22:37,426 - improved_analysis_v4 - INFO -   Artifact detection quality (CC): -0.0931
2026-01-25 03:22:37,673 - improved_analysis_v4 - INFO -     FR-TAS CC: -0.1003, JSD: 0.6443
2026-01-25 03:22:37,673 - improved_analysis_v4 - INFO -     NR-TAS CC: 0.1929, JSD: 0.4071
2026-01-25 03:22:37,816 - improved_analysis_v4 - INFO -   Artifact detection quality (CC): -0.0933
2026-01-25 03:22:38,071 - improved_analysis_v4 - INFO -     FR-TAS CC: -0.0949, JSD: 0.6395
2026-01-25 03:22:38,071 - improved_analysis_v4 - INFO -     NR-TAS CC: 0.2151, JSD: 0.3960
2026-01-25 03:22:38,071 - improved_analysis_v4 - INFO - 
[LOCO Fold 34/40] Testing on content: tourist_shore
2026-01-25 03:22:38,216 - improved_analysis_v4 - INFO -   Artifact detection quality (CC): -0.0438
2026-01-25 03:22:38,457 - improved_analysis_v4 - INFO -     FR-TAS CC: -0.0001, JSD: 0.5685
2026-01-25 03:22:38,457 - improved_analysis_v4 - INFO -     NR-TAS CC: 0.4533, JSD: 0.3924
2026-01-25 03:22:38,594 - improved_analysis_v4 - INFO -   Artifact detection quality (CC): -0.0562
2026-01-25 03:22:38,833 - improved_analysis_v4 - INFO -     FR-TAS CC: -0.0333, JSD: 0.6087
2026-01-25 03:22:38,833 - improved_analysis_v4 - INFO -     NR-TAS CC: 0.3688, JSD: 0.3821
2026-01-25 03:22:38,972 - improved_analysis_v4 - INFO -   Artifact detection quality (CC): -0.0589
2026-01-25 03:22:39,221 - improved_analysis_v4 - INFO -     FR-TAS CC: -0.0471, JSD: 0.6233
2026-01-25 03:22:39,221 - improved_analysis_v4 - INFO -     NR-TAS CC: 0.3130, JSD: 0.3925
2026-01-25 03:22:39,362 - improved_analysis_v4 - INFO -   Artifact detection quality (CC): -0.0873
2026-01-25 03:22:39,609 - improved_analysis_v4 - INFO -     FR-TAS CC: -0.0826, JSD: 0.6231
2026-01-25 03:22:39,609 - improved_analysis_v4 - INFO -     NR-TAS CC: 0.3066, JSD: 0.3790
2026-01-25 03:22:39,609 - improved_analysis_v4 - INFO - 
[LOCO Fold 35/40] Testing on content: traffic_santa
2026-01-25 03:22:39,756 - improved_analysis_v4 - INFO -   Artifact detection quality (CC): -0.0540
2026-01-25 03:22:39,991 - improved_analysis_v4 - INFO -     FR-TAS CC: -0.0256, JSD: 0.5425
2026-01-25 03:22:39,991 - improved_analysis_v4 - INFO -     NR-TAS CC: 0.3820, JSD: 0.3393
2026-01-25 03:22:40,130 - improved_analysis_v4 - INFO -   Artifact detection quality (CC): -0.0637
2026-01-25 03:22:40,373 - improved_analysis_v4 - INFO -     FR-TAS CC: -0.0657, JSD: 0.5672
2026-01-25 03:22:40,373 - improved_analysis_v4 - INFO -     NR-TAS CC: 0.2137, JSD: 0.3671
2026-01-25 03:22:40,514 - improved_analysis_v4 - INFO -   Artifact detection quality (CC): -0.0559
2026-01-25 03:22:40,759 - improved_analysis_v4 - INFO -     FR-TAS CC: -0.0580, JSD: 0.5915
2026-01-25 03:22:40,759 - improved_analysis_v4 - INFO -     NR-TAS CC: 0.2344, JSD: 0.3869
2026-01-25 03:22:40,896 - improved_analysis_v4 - INFO -   Artifact detection quality (CC): -0.0593
2026-01-25 03:22:41,148 - improved_analysis_v4 - INFO -     FR-TAS CC: -0.0566, JSD: 0.6012
2026-01-25 03:22:41,148 - improved_analysis_v4 - INFO -     NR-TAS CC: 0.2405, JSD: 0.3874
2026-01-25 03:22:41,148 - improved_analysis_v4 - INFO - 
[LOCO Fold 36/40] Testing on content: two_bears
2026-01-25 03:22:41,298 - improved_analysis_v4 - INFO -   Artifact detection quality (CC): -0.0637
2026-01-25 03:22:41,545 - improved_analysis_v4 - INFO -     FR-TAS CC: -0.0549, JSD: 0.6527
2026-01-25 03:22:41,545 - improved_analysis_v4 - INFO -     NR-TAS CC: 0.2348, JSD: 0.4465
2026-01-25 03:22:41,687 - improved_analysis_v4 - INFO -   Artifact detection quality (CC): -0.0777
2026-01-25 03:22:41,944 - improved_analysis_v4 - INFO -     FR-TAS CC: -0.0707, JSD: 0.6360
2026-01-25 03:22:41,944 - improved_analysis_v4 - INFO -     NR-TAS CC: 0.2904, JSD: 0.4034
2026-01-25 03:22:42,083 - improved_analysis_v4 - INFO -   Artifact detection quality (CC): -0.0824
2026-01-25 03:22:42,334 - improved_analysis_v4 - INFO -     FR-TAS CC: -0.1003, JSD: 0.6436
2026-01-25 03:22:42,334 - improved_analysis_v4 - INFO -     NR-TAS CC: 0.1493, JSD: 0.4165
2026-01-25 03:22:42,476 - improved_analysis_v4 - INFO -   Artifact detection quality (CC): -0.0720
2026-01-25 03:22:42,721 - improved_analysis_v4 - INFO -     FR-TAS CC: -0.0641, JSD: 0.6392
2026-01-25 03:22:42,721 - improved_analysis_v4 - INFO -     NR-TAS CC: 0.2215, JSD: 0.4013
2026-01-25 03:22:42,721 - improved_analysis_v4 - INFO - 
[LOCO Fold 37/40] Testing on content: walking_bear
2026-01-25 03:22:42,867 - improved_analysis_v4 - INFO -   Artifact detection quality (CC): -0.0767
2026-01-25 03:22:43,112 - improved_analysis_v4 - INFO -     FR-TAS CC: -0.0879, JSD: 0.6457
2026-01-25 03:22:43,112 - improved_analysis_v4 - INFO -     NR-TAS CC: 0.1150, JSD: 0.4229
2026-01-25 03:22:43,250 - improved_analysis_v4 - INFO -   Artifact detection quality (CC): -0.0992
2026-01-25 03:22:43,506 - improved_analysis_v4 - INFO -     FR-TAS CC: -0.1154, JSD: 0.6438
2026-01-25 03:22:43,506 - improved_analysis_v4 - INFO -     NR-TAS CC: 0.0328, JSD: 0.4075
2026-01-25 03:22:43,645 - improved_analysis_v4 - INFO -   Artifact detection quality (CC): -0.0908
2026-01-25 03:22:43,892 - improved_analysis_v4 - INFO -     FR-TAS CC: -0.0992, JSD: 0.6946
2026-01-25 03:22:43,892 - improved_analysis_v4 - INFO -     NR-TAS CC: -0.0360, JSD: 0.4776
2026-01-25 03:22:44,032 - improved_analysis_v4 - INFO -   Artifact detection quality (CC): -0.1000
2026-01-25 03:22:44,279 - improved_analysis_v4 - INFO -     FR-TAS CC: -0.1227, JSD: 0.6689
2026-01-25 03:22:44,279 - improved_analysis_v4 - INFO -     NR-TAS CC: -0.0153, JSD: 0.4366
2026-01-25 03:22:44,279 - improved_analysis_v4 - INFO - 
[LOCO Fold 38/40] Testing on content: wet_bear
2026-01-25 03:22:44,426 - improved_analysis_v4 - INFO -   Artifact detection quality (CC): -0.0578
2026-01-25 03:22:44,673 - improved_analysis_v4 - INFO -     FR-TAS CC: -0.0231, JSD: 0.6194
2026-01-25 03:22:44,673 - improved_analysis_v4 - INFO -     NR-TAS CC: 0.4058, JSD: 0.3985
2026-01-25 03:22:44,813 - improved_analysis_v4 - INFO -   Artifact detection quality (CC): -0.0526
2026-01-25 03:22:45,058 - improved_analysis_v4 - INFO -     FR-TAS CC: -0.0258, JSD: 0.5923
2026-01-25 03:22:45,058 - improved_analysis_v4 - INFO -     NR-TAS CC: 0.3346, JSD: 0.3295
2026-01-25 03:22:45,199 - improved_analysis_v4 - INFO -   Artifact detection quality (CC): -0.0940
2026-01-25 03:22:45,442 - improved_analysis_v4 - INFO -     FR-TAS CC: -0.0728, JSD: 0.6136
2026-01-25 03:22:45,442 - improved_analysis_v4 - INFO -     NR-TAS CC: 0.2976, JSD: 0.3597
2026-01-25 03:22:45,582 - improved_analysis_v4 - INFO -   Artifact detection quality (CC): -0.0631
2026-01-25 03:22:45,836 - improved_analysis_v4 - INFO -     FR-TAS CC: -0.0497, JSD: 0.6398
2026-01-25 03:22:45,836 - improved_analysis_v4 - INFO -     NR-TAS CC: 0.2310, JSD: 0.3840
2026-01-25 03:22:45,836 - improved_analysis_v4 - INFO - 
[LOCO Fold 39/40] Testing on content: white_hat
2026-01-25 03:22:45,982 - improved_analysis_v4 - INFO -   Artifact detection quality (CC): -0.0436
2026-01-25 03:22:46,222 - improved_analysis_v4 - INFO -     FR-TAS CC: -0.0276, JSD: 0.7031
2026-01-25 03:22:46,222 - improved_analysis_v4 - INFO -     NR-TAS CC: 0.1643, JSD: 0.4918
2026-01-25 03:22:46,360 - improved_analysis_v4 - INFO -   Artifact detection quality (CC): -0.0595
2026-01-25 03:22:46,599 - improved_analysis_v4 - INFO -     FR-TAS CC: -0.0351, JSD: 0.6515
2026-01-25 03:22:46,599 - improved_analysis_v4 - INFO -     NR-TAS CC: 0.3532, JSD: 0.4084
2026-01-25 03:22:46,737 - improved_analysis_v4 - INFO -   Artifact detection quality (CC): -0.0532
2026-01-25 03:22:46,988 - improved_analysis_v4 - INFO -     FR-TAS CC: -0.0423, JSD: 0.6757
2026-01-25 03:22:46,988 - improved_analysis_v4 - INFO -     NR-TAS CC: 0.1994, JSD: 0.4583
2026-01-25 03:22:47,125 - improved_analysis_v4 - INFO -   Artifact detection quality (CC): -0.0596
2026-01-25 03:22:47,367 - improved_analysis_v4 - INFO -     FR-TAS CC: -0.0487, JSD: 0.6589
2026-01-25 03:22:47,367 - improved_analysis_v4 - INFO -     NR-TAS CC: 0.2283, JSD: 0.4148
2026-01-25 03:22:47,368 - improved_analysis_v4 - INFO - 
[LOCO Fold 40/40] Testing on content: young_cowboy
2026-01-25 03:22:47,518 - improved_analysis_v4 - INFO -   Artifact detection quality (CC): -0.0760
2026-01-25 03:22:47,762 - improved_analysis_v4 - INFO -     FR-TAS CC: -0.0747, JSD: 0.6682
2026-01-25 03:22:47,762 - improved_analysis_v4 - INFO -     NR-TAS CC: 0.1203, JSD: 0.4419
2026-01-25 03:22:47,902 - improved_analysis_v4 - INFO -   Artifact detection quality (CC): -0.0637
2026-01-25 03:22:48,151 - improved_analysis_v4 - INFO -     FR-TAS CC: -0.0544, JSD: 0.6546
2026-01-25 03:22:48,151 - improved_analysis_v4 - INFO -     NR-TAS CC: 0.2096, JSD: 0.4299
2026-01-25 03:22:48,291 - improved_analysis_v4 - INFO -   Artifact detection quality (CC): -0.0746
2026-01-25 03:22:48,533 - improved_analysis_v4 - INFO -     FR-TAS CC: -0.0795, JSD: 0.6576
2026-01-25 03:22:48,533 - improved_analysis_v4 - INFO -     NR-TAS CC: 0.1548, JSD: 0.4294
2026-01-25 03:22:48,674 - improved_analysis_v4 - INFO -   Artifact detection quality (CC): -0.0662
2026-01-25 03:22:48,917 - improved_analysis_v4 - INFO -     FR-TAS CC: -0.0638, JSD: 0.6699
2026-01-25 03:22:48,917 - improved_analysis_v4 - INFO -     NR-TAS CC: 0.1623, JSD: 0.4463
2026-01-25 03:22:48,939 - improved_analysis_v4 - INFO - Saved FR results to /iridisfs/scratch/jc15u24/Code/IST02/TAS_experiments/results/results_fr_v4_20260125_032248.csv
2026-01-25 03:22:48,943 - improved_analysis_v4 - INFO - Saved NR results to /iridisfs/scratch/jc15u24/Code/IST02/TAS_experiments/results/results_nr_v4_20260125_032248.csv
2026-01-25 03:22:48,948 - improved_analysis_v4 - INFO - Saved baseline results to /iridisfs/scratch/jc15u24/Code/IST02/TAS_experiments/results/results_baselines_v4_20260125_032248.csv
2026-01-25 03:22:48,951 - improved_analysis_v4 - INFO - Saved summary report to /iridisfs/scratch/jc15u24/Code/IST02/TAS_experiments/results/summary_report_v4_20260125_032248.json
2026-01-25 03:22:48,951 - improved_analysis_v4 - INFO - 
FR-TAS Results: CC=-0.0628 ± 0.0355
2026-01-25 03:22:48,951 - improved_analysis_v4 - INFO - NR-TAS Results: CC=0.2049 ± 0.1221
2026-01-25 03:22:48,952 - __main__ - INFO - 
2026-01-25 03:22:48,952 - __main__ - INFO - ================================================================================
2026-01-25 03:22:48,952 - __main__ - INFO - EXPERIMENTS COMPLETED SUCCESSFULLY
2026-01-25 03:22:48,952 - __main__ - INFO - ================================================================================
2026-01-25 03:22:48,952 - __main__ - INFO - End Time: 2026-01-25 03:22:48.952720
2026-01-25 03:22:48,952 - __main__ - INFO - Results saved to: /iridisfs/scratch/jc15u24/Code/IST02/TAS_experiments/results
2026-01-25 03:22:48,952 - __main__ - INFO - Logs saved to: /iridisfs/scratch/jc15u24/Code/IST02/TAS_experiments/logs
