Running SLURM prolog script on swarma1003
===============================================================================
Job started on Sun Jan 25 03:21:41 GMT 2026
Job ID          : 548795
Job name        : TUD_Fixed_v4
WorkDir         : /iridisfs/scratch/jc15u24/Code/IST02/TAS_experiments
Command         : /iridisfs/scratch/jc15u24/Code/IST02/TAS_experiments/TUD_fixed_v4.slurm
Partition       : swarm_a100
Num hosts       : 1
Num cores       : 4
Num of tasks    : 1
Hosts allocated : swarma1003
Job Output Follows ...
===============================================================================
[INFO] Activated conda environment: /iridisfs/home/jc15u24/.conda/envs/easygen-clean
================================================================================
TUD EXPERIMENTS - FIXED v4
================================================================================
Start Time: 2026-01-25 03:21:43
Job ID: 548795
Node: swarma1003
CPU Cores: 4
GPU: 0
Memory: 131072 MB

Project Root: /iridisfs/scratch/jc15u24/Code/IST02
Working Dir: /iridisfs/scratch/jc15u24/Code/IST02/TAS_experiments
Logs Dir: /iridisfs/scratch/jc15u24/Code/IST02/TAS_experiments/logs
Results Dir: /iridisfs/scratch/jc15u24/Code/IST02/TAS_experiments/results
================================================================================

[PHASE 1] Validation and Setup
────────────────────────────────────────────────────────────────────────────
[✓] TUD dataset found
[✓] All dependencies imported successfully
[✓] All validation checks passed

[PHASE 2] Running Fixed TAS Experiments
────────────────────────────────────────────────────────────────────────────
Configuration loaded from config.py
Data root: /iridisfs/scratch/jc15u24/Code/IST02/TUD_Task_EyeTracking
Results dir: /iridisfs/scratch/jc15u24/Code/IST02/TAS_experiments/results

[✓] Experiments completed successfully!

================================================================================
Job completed successfully!
================================================================================
==============================================================================
Running epilogue script on swarma1003.

Submit time  : 2026-01-25T00:22:55
Start time   : 2026-01-25T03:21:41
End time     : 2026-01-25T03:22:49
Elapsed time : 00:01:08 (Timelimit=1-00:00:00)

Job ID: 548795
Cluster: iridis_x
User/Group: jc15u24/fp
State: COMPLETED (exit code 0)
Nodes: 1
Cores per node: 4
CPU Utilized: 00:04:08
CPU Efficiency: 91.18% of 00:04:32 core-walltime
Job Wall-clock time: 00:01:08
Memory Utilized: 1.41 GB
Memory Efficiency: 1.10% of 128.00 GB (128.00 GB/node)
